A A's AMD AMD's AOL AOL's AWS AWS's Aachen Aachen's Aaliyah Aaliyah's Aaron Aaron's Abbas Abbas's Abbasid Abbasid's Abbott Abbott's Abby Abby's Abdul Abdul's Abe Abe's Abel Abel's Abelard Abelard's Abelson Abelson's Aberdeen Aberdeen's Abernathy Abernathy's Abidjan Abidjan's Abigail Abigail's Abilene Abilene's Abner Abner's Abraham Abraham's Abram Abram's Abrams Abrams's Absalom Absalom's Abuja Abuja's Abyssinia Abyssinia's Abyssinian Abyssinian's Ac Ac's Acadia Acadia's
Acapulco Acapulco's Accenture Accenture's Accra Accra's Acevedo Acevedo's Achaean Achaean's Achebe Achebe's Achernar Achernar's Acheson Acheson's Achilles Achilles's Aconcagua Aconcagua's Acosta Acosta's Acropolis Acrux Acrux's Actaeon Actaeon's Acton Acton's Acts Acts's Acuff Acuff's Ada Ada's Adam Adam's Adams Adams's Adan Adan's Adana Adana's Adar Adar's Addams Addams's Adderley Adderley's Addie Addie's Addison Addison's Adela Adela's Adelaide Adelaide's Adele Adele's
Adeline Adeline's Aden Aden's Adenauer Adenauer's Adhara Adhara's Adidas Adidas's Adirondack Adirondack's Adirondacks Adirondacks's Adkins Adkins's Adler Adler's Adolf Adolf's Adolfo Adolfo's Adolph Adolph's Adonis Adonis's Adonises Adrian Adrian's Adriana Adriana's Adriatic Adriatic's Adrienne Adrienne's Advent Advent's Adventist Adventist's Advents Advil Advil's Aegean Aegean's Aelfric Aelfric's Aeneas Aeneas's Aeneid Aeneid's Aeolus Aeolus's Aeroflot Aeroflot's Aeschylus
Aeschylus's Aesculapius Aesculapius's Aesop Aesop's Afghan Afghan's Afghani Afghani's Afghanistan Afghanistan's Afghans Africa Africa's African African's Africans Afrikaans Afrikaans's Afrikaner Afrikaner's Afrikaners Afro Afro's Afrocentrism Afrocentrism's Afros Ag Ag's Agamemnon Agamemnon's Agassi Agassi's Agassiz Agassiz's Agatha Agatha's Aggie Aggie's Aglaia Aglaia's Agnes Agnes's Agnew Agnew's Agni Agni's Agra Agra's Agricola Agricola's Agrippa Agrippa's Agrippina
Agrippina's Aguilar Aguilar's Aguinaldo Aguinaldo's Aguirre Aguirre's Agustin Agustin's Ahab Ahab's Ahmad Ahmad's Ahmadabad Ahmadabad's Ahmadinejad Ahmadinejad's Ahmed Ahmed's Ahriman Ahriman's Aida Aida's Aiken Aiken's Aileen Aileen's Aimee Aimee's Ainu Ainu's Airedale Airedale's Airedales Aires Aires's Aisha Aisha's Ajax Ajax's Akbar Akbar's Akhmatova Akhmatova's Akihito Akihito's Akita Akita's Akiva Akiva's Akkad Akkad's Akron Akron's Al Al's Alabama Alabama's Alabaman
Alabaman's Alabamans Alabamian Alabamian's Alabamians Aladdin Aladdin's Alamo Alamo's Alamogordo Alamogordo's Alan Alan's Alana Alana's Alar Alar's Alaric Alaric's Alaska Alaska's Alaskan Alaskan's Alaskans Alba Alba's Albania Albania's Albanian Albanian's Albanians Albany Albany's Albee Albee's Alberio Alberio's Albert Albert's Alberta Alberta's Alberto Alberto's Albigensian Albigensian's Albion Albion's Albireo Albireo's Albuquerque Albuquerque's Alcatraz Alcatraz's Alcestis
Alcestis's Alcibiades Alcibiades's Alcindor Alcindor's Alcmena Alcmena's Alcoa Alcoa's Alcott Alcott's Alcuin Alcuin's Alcyone Alcyone's Aldan Aldan's Aldebaran Aldebaran's Alden Alden's Alderamin Alderamin's Aldo Aldo's Aldrin Aldrin's Alec Alec's Aleichem Aleichem's Alejandra Alejandra's Alejandro Alejandro's Alembert Alembert's Aleppo Aleppo's Aleut Aleut's Aleutian Aleutian's Alex Alex's Alexander Alexander's Alexandra Alexandra's Alexandria Alexandria's Alexei Alexei's
Alexis Alexis's Alfonso Alfonso's Alfonzo Alfonzo's Alford Alford's Alfred Alfred's Alfreda Alfreda's Alfredo Alfredo's Algenib Algenib's Alger Alger's Algeria Algeria's Algerian Algerian's Algerians Algieba Algieba's Algiers Algiers's Algol Algol's Algonquian Algonquian's Algonquians Algonquin Algonquin's Alhambra Alhambra's Alhena Alhena's Ali Ali's Alice Alice's Alicia Alicia's Alighieri Alighieri's Aline Aline's Alioth Alioth's Alisa Alisa's Alisha Alisha's Alison Alison's
Alissa Alissa's Alistair Alistair's Alkaid Alkaid's Allah Allah's Allahabad Allahabad's Allan Allan's Alleghenies Alleghenies's Allegheny Allegheny's Allegra Allegra's Allen Allen's Allende Allende's Allentown Allentown's Allie Allie's Allison Allison's Allstate Allstate's Allyson Allyson's Alma Alma's Almach Almach's Almaty Almaty's Almighty Almighty's Almohad Almohad's Almoravid Almoravid's Alnilam Alnilam's Alnitak Alnitak's Alonzo Alonzo's Alpert Alpert's Alphard Alphard's
Alphecca Alphecca's Alpheratz Alpheratz's Alphonse Alphonse's Alphonso Alphonso's Alpine Alpine's Alpo Alpo's Alps Alps's Alsace Alsace's Alsatian Alsatian's Alsop Alsop's Alston Alston's Altaba Altaba's Altai Altai's Altaic Altaic's Altair Altair's Altamira Altamira's Althea Althea's Altiplano Altiplano's Altman Altman's Altoids Altoids's Alton Alton's Aludra Aludra's Alva Alva's Alvarado Alvarado's Alvarez Alvarez's Alvaro Alvaro's Alvin Alvin's Alyce Alyce's Alyson Alyson's
Alyssa Alyssa's Alzheimer Alzheimer's Am Am's Amadeus Amadeus's Amado Amado's Amalia Amalia's Amanda Amanda's Amarillo Amarillo's Amaru Amaru's Amaterasu Amaterasu's Amati Amati's Amazon Amazon's Amazons Amber Amber's Amelia Amelia's Amenhotep Amenhotep's Amerasian Amerasian's America America's American American's Americana Americana's Americanism Americanism's Americanisms Americanization Americanization's Americanizations Americanize Americanized Americanizes Americanizing
Americans Americas Amerind Amerind's Amerindian Amerindian's Amerindians Amerinds Ameslan Ameslan's Amgen Amgen's Amharic Amharic's Amherst Amherst's Amie Amie's Amiga Amiga's Amish Amish's Amman Amman's Amoco Amoco's Amos Amos's Amparo Amparo's Ampere Ampere's Amritsar Amritsar's Amsterdam Amsterdam's Amtrak Amtrak's Amundsen Amundsen's Amur Amur's Amway Amway's Amy Amy's Ana Ana's Anabaptist Anabaptist's Anabel Anabel's Anacin Anacin's Anacreon Anacreon's Anaheim Anaheim's
Analects Analects's Ananias Ananias's Anasazi Anasazi's Anastasia Anastasia's Anatole Anatole's Anatolia Anatolia's Anatolian Anatolian's Anaxagoras Anaxagoras's Anchorage Anchorage's Andalusia Andalusia's Andalusian Andalusian's Andaman Andaman's Andean Andean's Andersen Andersen's Anderson Anderson's Andes Andes's Andorra Andorra's Andre Andre's Andrea Andrea's Andrei Andrei's Andres Andres's Andretti Andretti's Andrew Andrew's Andrews Andrews's Andrianampoinimerina
Andrianampoinimerina's Android Android's Andromache Andromache's Andromeda Andromeda's Andropov Andropov's Andy Andy's Angara Angara's Angel Angel's Angela Angela's Angeles Angeles's Angelia Angelia's Angelica Angelica's Angelico Angelico's Angelina Angelina's Angeline Angeline's Angelique Angelique's Angelita Angelita's Angelo Angelo's Angelou Angelou's Angevin Angevin's Angie Angie's Angkor Angkor's Anglia Anglia's Anglican Anglican's Anglicanism Anglicanism's Anglicanisms
Anglicans Anglicize Anglo Anglo's Anglophile Anglophile's Angola Angola's Angolan Angolan's Angolans Angora Angora's Angoras Anguilla Anguilla's Angus Angus's Aniakchak Aniakchak's Anibal Anibal's Anita Anita's Ankara Ankara's Ann Ann's Anna Anna's Annabel Annabel's Annabelle Annabelle's Annam Annam's Annapolis Annapolis's Annapurna Annapurna's Anne Anne's Annette Annette's Annie Annie's Annmarie Annmarie's Anouilh Anouilh's Anselm Anselm's Anselmo Anselmo's Anshan Anshan's
Antaeus Antaeus's Antananarivo Antananarivo's Antarctic Antarctic's Antarctica Antarctica's Antares Antares's Anthony Anthony's Anthropocene Antichrist Antichrist's Antichrists Antietam Antietam's Antigone Antigone's Antigua Antigua's Antilles Antilles's Antioch Antioch's Antipas Antipas's Antofagasta Antofagasta's Antoine Antoine's Antoinette Antoinette's Anton Anton's Antone Antone's Antonia Antonia's Antoninus Antoninus's Antonio Antonio's Antonius Antonius's Antony
Antony's Antwan Antwan's Antwerp Antwerp's Anubis Anubis's Anzac Anzac's Apache Apache's Apaches Apalachicola Apalachicola's Apatosaurus Apennines Apennines's Aphrodite Aphrodite's Apia Apia's Apocrypha Apocrypha's Apollinaire Apollinaire's Apollo Apollo's Apollonian Apollonian's Apollos Appalachia Appalachia's Appalachian Appalachian's Appalachians Appalachians's Appaloosa Appaloosa's Apple Apple's Appleseed Appleseed's Appleton Appleton's Appomattox Appomattox's Apr Apr's
April April's Aprils Apuleius Apuleius's Aquafresh Aquafresh's Aquarius Aquarius's Aquariuses Aquila Aquila's Aquinas Aquinas's Aquino Aquino's Aquitaine Aquitaine's Ara Ara's Arab Arab's Arabia Arabia's Arabian Arabian's Arabians Arabic Arabic's Arabs Araby Araby's Araceli Araceli's Arafat Arafat's Araguaya Araguaya's Aral Aral's Aramaic Aramaic's Aramco Aramco's Arapaho Arapaho's Ararat Ararat's Araucanian Araucanian's Arawak Arawak's Arawakan Arawakan's Arbitron Arbitron's
Arcadia Arcadia's Arcadian Arcadian's Archean Archean's Archibald Archibald's Archie Archie's Archimedes Archimedes's Arctic Arctic's Arcturus Arcturus's Arden Arden's Arduino Arduino's Arequipa Arequipa's Ares Ares's Argentina Argentina's Argentine Argentine's Argentinian Argentinian's Argentinians Argo Argo's Argonaut Argonaut's Argonne Argonne's Argos Argos's Argus Argus's Ariadne Ariadne's Arianism Arianism's Ariel Ariel's Aries Aries's Arieses Ariosto Ariosto's Aristarchus
Aristarchus's Aristides Aristides's Aristophanes Aristophanes's Aristotelian Aristotelian's Aristotle Aristotle's Arius Arius's Arizona Arizona's Arizonan Arizonan's Arizonans Arizonian Arizonian's Arizonians Arjuna Arjuna's Arkansan Arkansan's Arkansas Arkansas's Arkhangelsk Arkhangelsk's Arkwright Arkwright's Arlene Arlene's Arline Arline's Arlington Arlington's Armageddon Armageddon's Armageddons Armagnac Armagnac's Armand Armand's Armando Armando's Armani Armani's Armenia
