[31CSINE WAVE
[39CSINE WAVE
[47CSINE WAVE
[54CSINE WAVE
[58CSINE WAVE
[60CSINE WAVE
[60CSINE WAVE
[56CSINE WAVE
[51CSINE WAVE
[43CSINE WAVE
[35CSINE WAVE
[26CSINE WAVE
[17CSINE WAVE
[10CSINE WAVE
[4CSINE WAVE
[1CSINE WAVE
[1CSINE WAVE
[3CSINE WAVE
[7CSINE WAVE
[14CSINE WAVE
[22CSINE WAVE
[31CSINE WAVE
[40CSINE WAVE
[48CSINE WAVE
[54CSINE WAVE
[59CSINE WAVE
[60CSINE WAVE
[60CSINE WAVE
[56CSINE WAVE
[50CSINE WAVE
[43CSINE WAVE
[34CSINE WAVE
[25CSINE WAVE
[17CSINE WAVE
[10CSINE WAVE
[4CSINE WAVE
[1CSINE WAVE
[1CSINE WAVE
[3CSINE WAVE
[8CSINE WAVE
[14CSINE WAVE
[23CSINE WAVE
[32CSINE WAVE
[40CSINE WAVE
[48CSINE WAVE
[55CSINE WAVE
[59CSINE WAVE
[60CSINE WAVE
[59CSINE WAVE
[56CSINE WAVE
[50CSINE WAVE
[42CSINE WAVE
[34CSINE WAVE
[25CSINE WAVE
[16CSINE WAVE
[9CSINE WAVE
[4CSINE WAVE
[1CSINE WAVE
[1CSINE WAVE
[3CSINE WAVE
[8CSINE WAVE
[15CSINE WAVE
[23CSINE WAVE
[32CSINE WAVE
[41CSINE WAVE
[49CSINE WAVE
[55CSINE WAVE
[59CSINE WAVE
[60CSINE WAVE
[59CSINE WAVE
[56CSINE WAVE
[50CSINE WAVE
[42CSINE WAVE
[33CSINE WAVE
[24CSINE WAVE
[16CSINE WAVE
[9CSINE WAVE
[4CSINE WAVE
[1CSINE WAVE
[1CSINE WAVE
