Counter is 1
Counter is 2
Counter is 3
Counter is 4
Counter is 5
Counter is 6
Counter is 7
Counter is 8
Counter is 9
Counter is 10
Counter is 11
Counter is 12
Counter is 13
Counter is 14
Counter is 15
Counter is 16
Counter is 17
Counter is 18
Counter is 19
Counter is 20
Counter is 21
Counter is 22
Counter is 23
Counter is 24
Counter is 25
